// Jest Snapshot v1, https://goo.gl/fbAQLP

exports[`CreatorInstruction component CreatorInstruction toggles keyboard control with onClick 1`] = `
<div
  className="table-text instruction-hidden"
>
  <span
    className="close"
    onClick={[MockFunction]}
    onKeyPress={[Function]}
    tabIndex={0}
  >
    ×
  </span>
  <h2>
    WHAT TO DO
  </h2>
  <ul
    className="what-to-do"
  >
    <li>
      Add rows and columns, then input data in the cells below.
    </li>
    <li
      className="list-item-hidden"
    >
      Check cells to turn them 
      <span
        className="blue-text"
      >
        blue
      </span>
       - these will be left blank for students to fill out.
    </li>
    <li
      className=""
    >
      The widget will automatically hide the given number of cells
    </li>
    <li
      className="keyboard-controls-div"
      onClick={[MockFunction]}
    >
      <span
        className="keyboard-controls-spam"
        onKeyPress={[Function]}
        tabIndex={0}
      >
        Keyboard controls
      </span>
      
    </li>
  </ul>
</div>
`;
