// Jest Snapshot v1, https://goo.gl/fbAQLP

exports[`CreatorTitle component CreatorTitle renders title 1`] = `
<div
  className="title-bar"
>
  <span
    className="title-text"
  >
    mock-title
  </span>
  <button
    className="edit-title-button"
    onClick={[MockFunction]}
  >
    Edit title
  </button>
  <button
    className="help-button"
    onClick={[MockFunction]}
    type="button"
    value="Help"
  >
    <img
      src="./assets/img/question-mark.png"
    />
    Help
  </button>
</div>
`;
